
== all six arms
        book               rule  period  days  fired  base_rs_day  rule_rs_day  delta_rs_day  delta_total  placebo_mean  p_placebo  best5pct_days_change  p_loss_day_base  p_loss_day
all six arms     entries X=3000     pre   973    139    -1242.423    -1149.263        93.160     90644.58    115750.686      0.811             -63830.80            0.717       0.701
all six arms     entries X=3000 holdout   246     66    -1393.539    -1170.078       223.461     54971.39     62092.835      0.622             -28313.16            0.630       0.602
all six arms     entries X=5000     pre   973     77    -1242.423    -1161.349        81.074     78884.95     64663.253      0.239             -13731.45            0.717       0.712
all six arms     entries X=5000 holdout   246     29    -1393.539    -1235.352       158.187     38913.93     23915.929      0.174               2349.00            0.630       0.626
all six arms     entries X=8000     pre   973     38    -1242.423    -1203.699        38.724     37678.53     30341.756      0.299               9058.92            0.717       0.717
all six arms     entries X=8000 holdout   246     12    -1393.539    -1281.001       112.538     27684.26      9509.938      0.025              12292.59            0.630       0.626
all six arms trail X=3000 y=0.1     pre   973    128    -1242.423    -1238.974         3.449      3356.26    106970.258      1.000            -222363.55            0.717       0.691
all six arms trail X=3000 y=0.1 holdout   246     66    -1393.539    -1336.967        56.572     13916.59     52434.728      0.935             -67945.40            0.630       0.589
all six arms trail X=3000 y=0.2     pre   973    125    -1242.423    -1234.229         8.194      7972.76    101692.137      1.000            -217861.95            0.717       0.691
all six arms trail X=3000 y=0.2 holdout   246     63    -1393.539    -1338.799        54.740     13466.00     49928.695      0.910             -59601.45            0.630       0.589
all six arms trail X=3000 y=0.3     pre   973    116    -1242.423    -1233.962         8.461      8232.70     93023.656      1.000            -185246.91            0.717       0.691
all six arms trail X=3000 y=0.3 holdout   246     57    -1393.539    -1319.606        73.933     18187.42     46182.649      0.846             -43085.24            0.630       0.589
all six arms trail X=3000 y=0.5     pre   973     87    -1242.423    -1192.968        49.455     48119.86     64681.260      0.756            -102673.89            0.717       0.691
all six arms trail X=3000 y=0.5 holdout   246     45    -1393.539    -1380.979        12.560      3089.82     27840.038      0.871             -32103.57            0.630       0.589
all six arms trail X=5000 y=0.1     pre   973     76    -1242.423    -1211.782        30.641     29813.89     59473.031      0.900            -158245.86            0.717       0.704
all six arms trail X=5000 y=0.1 holdout   246     28    -1393.539    -1401.811        -8.272     -2035.03     19248.480      0.886             -36008.05            0.630       0.626
all six arms trail X=5000 y=0.2     pre   973     69    -1242.423    -1207.733        34.690     33753.54     54840.645      0.836            -141480.39            0.717       0.704
all six arms trail X=5000 y=0.2 holdout   246     26    -1393.539    -1392.791         0.748       183.89     20970.948      0.905             -28094.96            0.630       0.626
all six arms trail X=5000 y=0.3     pre   973     63    -1242.423    -1192.229        50.195     48839.28     50486.612      0.537             -99893.80            0.717       0.704
all six arms trail X=5000 y=0.3 holdout   246     19    -1393.539    -1346.775        46.763     11503.80     15838.080      0.662             -10007.34            0.630       0.626
all six arms trail X=5000 y=0.5     pre   973     47    -1242.423    -1196.562        45.861     44622.96     31115.661      0.219             -63263.58            0.717       0.704
all six arms trail X=5000 y=0.5 holdout   246     17    -1393.539    -1404.042       -10.503     -2583.80      6694.370      0.811              -7420.55            0.630       0.630
all six arms trail X=8000 y=0.1     pre   973     35    -1242.423    -1216.755        25.668     24975.22     27824.172      0.582             -74362.47            0.717       0.713
all six arms trail X=8000 y=0.1 holdout   246     12    -1393.539    -1335.708        57.830     14226.29      8194.137      0.303               -284.30            0.630       0.626
all six arms trail X=8000 y=0.2     pre   973     34    -1242.423    -1219.109        23.315     22685.17     28566.703      0.682             -72952.80            0.717       0.713
all six arms trail X=8000 y=0.2 holdout   246     11    -1393.539    -1300.987        92.552     22767.78     10108.538      0.095               9696.82            0.630       0.626
all six arms trail X=8000 y=0.3     pre   973     30    -1242.423    -1210.097        32.326     31453.57     25062.709      0.313             -46736.28            0.717       0.713
all six arms trail X=8000 y=0.3 holdout   246      9    -1393.539    -1302.401        91.138     22419.87      5956.839      0.040              11341.93            0.630       0.626
all six arms trail X=8000 y=0.5     pre   973     21    -1242.423    -1206.784        35.640     34677.25     14099.890      0.020             -31912.14            0.717       0.713
all six arms trail X=8000 y=0.5 holdout   246      7    -1393.539    -1375.138        18.400      4526.49      3398.402      0.463              -1972.50            0.630       0.626
all six arms       floor X=3000     pre   973     64    -1242.423    -1190.584        51.839     50439.49     46629.391      0.413             -42535.43            0.717       0.693
all six arms       floor X=3000 holdout   246     33    -1393.539    -1459.336       -65.797    -16186.16     19664.420      0.960             -32833.50            0.630       0.589
all six arms       floor X=5000     pre   973     37    -1242.423    -1190.403        52.020     50615.83     27974.146      0.030             -28930.72            0.717       0.704
all six arms       floor X=5000 holdout   246     11    -1393.539    -1424.846       -31.307     -7701.55      4549.847      0.915              -6249.13            0.630       0.630
all six arms       floor X=8000     pre   973     17    -1242.423    -1206.121        36.302     35321.79     10736.844      0.015             -12552.51            0.717       0.713
all six arms       floor X=8000 holdout   246      4    -1393.539    -1415.801       -22.262     -5476.45       802.308      0.905             -10247.42            0.630       0.626

== ORB arms only
         book               rule  period  days  fired  base_rs_day  rule_rs_day  delta_rs_day  delta_total  placebo_mean  p_placebo  best5pct_days_change  p_loss_day_base  p_loss_day
ORB arms only     entries X=3000     pre   973     51    -1402.888    -1388.500        14.389     14000.11     30378.245      0.915             -29115.20            0.704       0.699
ORB arms only     entries X=3000 holdout   246     41    -1744.304    -1626.470       117.834     28987.06     30231.498      0.507             -20048.22            0.683       0.663
ORB arms only     entries X=5000     pre   973     11    -1402.888    -1407.765        -4.876     -4744.83      4997.052      0.980              -4744.83            0.704       0.704
ORB arms only     entries X=5000 holdout   246     12    -1744.304    -1733.195        11.109      2732.77      7133.324      0.746              -1839.22            0.683       0.683
ORB arms only     entries X=8000     pre   973      1    -1402.888    -1401.883         1.005       977.73       687.939      0.343                977.73            0.704       0.704
ORB arms only     entries X=8000 holdout   246      1    -1744.304    -1746.858        -2.554      -628.35        59.322      0.841               -628.35            0.683       0.683
ORB arms only trail X=3000 y=0.1     pre   973     46    -1402.888    -1398.313         4.576      4452.15     27140.205      0.980             -35430.13            0.704       0.699
ORB arms only trail X=3000 y=0.1 holdout   246     37    -1744.304    -1630.696       113.608     27947.58     29544.718      0.552             -16733.63            0.683       0.663
ORB arms only trail X=3000 y=0.2     pre   973     40    -1402.888    -1393.210         9.679      9417.36     19695.430      0.866             -22670.45            0.704       0.699
ORB arms only trail X=3000 y=0.2 holdout   246     35    -1744.304    -1635.243       109.061     26829.01     22145.383      0.348             -10897.55            0.683       0.663
ORB arms only trail X=3000 y=0.3     pre   973     32    -1402.888    -1391.284        11.605     11291.31     17160.785      0.746             -18635.54            0.704       0.699
ORB arms only trail X=3000 y=0.3 holdout   246     31    -1744.304    -1647.764        96.540     23748.72     18236.109      0.328              -6873.50            0.683       0.663
ORB arms only trail X=3000 y=0.5     pre   973     19    -1402.888    -1397.579         5.310      5166.24      8493.332      0.677             -14903.85            0.704       0.699
ORB arms only trail X=3000 y=0.5 holdout   246     18    -1744.304    -1656.204        88.100     21672.59     10113.346      0.100              -1080.92            0.683       0.663
ORB arms only trail X=5000 y=0.1     pre   973      9    -1402.888    -1407.511        -4.622     -4497.55      5515.232      0.985              -4497.55            0.704       0.704
ORB arms only trail X=5000 y=0.1 holdout   246     10    -1744.304    -1726.391        17.913      4406.52      3328.008      0.408                444.68            0.683       0.683
ORB arms only trail X=5000 y=0.2     pre   973      7    -1402.888    -1402.825         0.063        61.62      2927.849      0.791                 61.62            0.704       0.704
ORB arms only trail X=5000 y=0.2 holdout   246      9    -1744.304    -1742.402         1.902       467.84      3064.545      0.682              -3138.04            0.683       0.683
ORB arms only trail X=5000 y=0.3     pre   973      5    -1402.888    -1404.418        -1.530     -1488.47      1310.714      0.856              -1488.47            0.704       0.704
ORB arms only trail X=5000 y=0.3 holdout   246      3    -1744.304    -1732.284        12.020      2956.88      1567.183      0.318               -155.05            0.683       0.683
ORB arms only trail X=5000 y=0.5     pre   973      1    -1402.888    -1405.505        -2.617     -2546.09       224.256      0.990              -2546.09            0.704       0.704
ORB arms only trail X=5000 y=0.5 holdout   246      2    -1744.304    -1742.291         2.013       495.11       875.719      0.557              -1080.92            0.683       0.683
ORB arms only trail X=8000 y=0.1     pre   973      1    -1402.888    -1403.029        -0.141      -137.05       412.585      0.667               -137.05            0.704       0.704
ORB arms only trail X=8000 y=0.1 holdout   246      0    -1744.304    -1744.304         0.000         0.00           NaN        NaN                  0.00            0.683       0.683
ORB arms only trail X=8000 y=0.2     pre   973      1    -1402.888    -1403.081        -0.192      -187.23       240.566      0.721               -187.23            0.704       0.704
ORB arms only trail X=8000 y=0.2 holdout   246      0    -1744.304    -1744.304         0.000         0.00           NaN        NaN                  0.00            0.683       0.683
ORB arms only trail X=8000 y=0.3     pre   973      0    -1402.888    -1402.888         0.000         0.00           NaN        NaN                  0.00            0.704       0.704
ORB arms only trail X=8000 y=0.3 holdout   246      0    -1744.304    -1744.304         0.000         0.00           NaN        NaN                  0.00            0.683       0.683
ORB arms only trail X=8000 y=0.5     pre   973      0    -1402.888    -1402.888         0.000         0.00           NaN        NaN                  0.00            0.704       0.704
ORB arms only trail X=8000 y=0.5 holdout   246      0    -1744.304    -1744.304         0.000         0.00           NaN        NaN                  0.00            0.683       0.683
ORB arms only       floor X=3000     pre   973     17    -1402.888    -1396.009         6.880      6693.95      7011.182      0.488             -11776.64            0.704       0.699
ORB arms only       floor X=3000 holdout   246     17    -1744.304    -1681.259        63.045     15509.04      8866.013      0.249                  0.00            0.683       0.663
ORB arms only       floor X=5000     pre   973      0    -1402.888    -1402.888         0.000         0.00           NaN        NaN                  0.00            0.704       0.704
ORB arms only       floor X=5000 holdout   246      2    -1744.304    -1746.266        -1.963      -482.81       573.622      0.672              -2058.84            0.683       0.683
ORB arms only       floor X=8000     pre   973      0    -1402.888    -1402.888         0.000         0.00           NaN        NaN                  0.00            0.704       0.704
ORB arms only       floor X=8000 holdout   246      0    -1744.304    -1744.304         0.000         0.00           NaN        NaN                  0.00            0.683       0.683

== Liquidity only (BN+FIN)
                   book               rule  period  days  fired  base_rs_day  rule_rs_day  delta_rs_day  delta_total  placebo_mean  p_placebo  best5pct_days_change  p_loss_day_base  p_loss_day
Liquidity only (BN+FIN)     entries X=3000     pre   973    102      160.465      150.205       -10.260     -9983.11     -5317.187      0.622             -28397.56            0.405       0.404
Liquidity only (BN+FIN)     entries X=3000 holdout   246     37      350.765      376.736        25.971      6388.81     -6827.008      0.194             -10018.28            0.423       0.423
Liquidity only (BN+FIN)     entries X=5000     pre   973     56      160.465      153.182        -7.283     -7086.68     -2707.725      0.692             -13281.84            0.405       0.404
Liquidity only (BN+FIN)     entries X=5000 holdout   246     19      350.765      364.210        13.445      3307.51     -4257.652      0.274              -2876.84            0.423       0.423
Liquidity only (BN+FIN)     entries X=8000     pre   973     33      160.465      149.596       -10.869    -10575.94     -1586.125      0.861             -10575.94            0.405       0.405
Liquidity only (BN+FIN)     entries X=8000 holdout   246     12      350.765      370.168        19.403      4773.08     -1450.186      0.124               -571.12            0.423       0.423
Liquidity only (BN+FIN) trail X=3000 y=0.1     pre   973     96      160.465       47.621      -112.844   -109797.14    -15169.561      1.000            -222316.44            0.405       0.392
Liquidity only (BN+FIN) trail X=3000 y=0.1 holdout   246     36      350.765      209.587      -141.178    -34729.78    -10572.143      0.871             -73588.99            0.423       0.407
Liquidity only (BN+FIN) trail X=3000 y=0.2     pre   973     91      160.465       39.934      -120.531   -117277.14    -13883.162      1.000            -222158.32            0.405       0.392
Liquidity only (BN+FIN) trail X=3000 y=0.2 holdout   246     36      350.765      325.649       -25.116     -6178.45     -7050.363      0.542             -39049.65            0.423       0.407
Liquidity only (BN+FIN) trail X=3000 y=0.3     pre   973     84      160.465       49.723      -110.742   -107751.82    -11628.678      1.000            -193178.66            0.405       0.392
Liquidity only (BN+FIN) trail X=3000 y=0.3 holdout   246     32      350.765      317.620       -33.144     -8153.54     -6465.455      0.622             -32377.81            0.423       0.411
Liquidity only (BN+FIN) trail X=3000 y=0.5     pre   973     57      160.465      123.932       -36.534    -35547.14     -8516.415      0.940             -95954.26            0.405       0.392
Liquidity only (BN+FIN) trail X=3000 y=0.5 holdout   246     25      350.765      341.279        -9.486     -2333.65     -4456.703      0.557             -14306.47            0.423       0.411
Liquidity only (BN+FIN) trail X=5000 y=0.1     pre   973     53      160.465      112.025       -48.440    -47131.79     -6569.345      0.970            -143980.06            0.405       0.395
Liquidity only (BN+FIN) trail X=5000 y=0.1 holdout   246     17      350.765      174.360      -176.405    -43395.65     -4188.497      1.000             -50806.22            0.423       0.419
Liquidity only (BN+FIN) trail X=5000 y=0.2     pre   973     49      160.465      120.675       -39.791    -38716.16     -9239.877      0.965            -126952.36            0.405       0.395
Liquidity only (BN+FIN) trail X=5000 y=0.2 holdout   246     16      350.765      272.189       -78.576    -19329.64     -2868.261      0.900             -24297.34            0.423       0.419
Liquidity only (BN+FIN) trail X=5000 y=0.3     pre   973     45      160.465      128.741       -31.724    -30867.58     -7286.271      0.950            -106338.77            0.405       0.395
Liquidity only (BN+FIN) trail X=5000 y=0.3 holdout   246     12      350.765      265.617       -85.148    -20946.49     -2967.161      0.940             -24651.47            0.423       0.419
Liquidity only (BN+FIN) trail X=5000 y=0.5     pre   973     30      160.465      157.282        -3.183     -3097.52     -3234.053      0.557             -59704.55            0.405       0.395
Liquidity only (BN+FIN) trail X=5000 y=0.5 holdout   246      9      350.765      305.168       -45.597    -11216.79     -2661.540      0.881              -9766.60            0.423       0.419
Liquidity only (BN+FIN) trail X=8000 y=0.1     pre   973     29      160.465      149.978       -10.487    -10203.74     -3075.712      0.726             -75439.69            0.405       0.401
Liquidity only (BN+FIN) trail X=8000 y=0.1 holdout   246     10      350.765      303.707       -47.058    -11576.33     -1320.110      0.910             -20918.95            0.423       0.423
Liquidity only (BN+FIN) trail X=8000 y=0.2     pre   973     27      160.465      155.454        -5.012     -4876.24     -3207.021      0.637             -67183.91            0.405       0.401
Liquidity only (BN+FIN) trail X=8000 y=0.2 holdout   246      9      350.765      370.567        19.802      4871.30     -1629.686      0.114              -3031.69            0.423       0.423
Liquidity only (BN+FIN) trail X=8000 y=0.3     pre   973     24      160.465      160.243        -0.222      -216.03     -2356.694      0.473             -49924.77            0.405       0.401
Liquidity only (BN+FIN) trail X=8000 y=0.3 holdout   246      6      350.765      373.416        22.652      5572.27      -529.733      0.050              -1186.62            0.423       0.423
Liquidity only (BN+FIN) trail X=8000 y=0.5     pre   973     15      160.465      165.774         5.309      5165.41     -2309.185      0.169             -29563.16            0.405       0.401
Liquidity only (BN+FIN) trail X=8000 y=0.5 holdout   246      4      350.765      350.833         0.068        16.77      -854.334      0.443              -2849.01            0.423       0.423
Liquidity only (BN+FIN)       floor X=3000     pre   973     40      160.465      137.175       -23.290    -22661.61     -6051.110      0.900             -55525.71            0.405       0.392
Liquidity only (BN+FIN)       floor X=3000 holdout   246     19      350.765      290.913       -59.852    -14723.56     -2978.940      0.886             -20055.42            0.423       0.411
Liquidity only (BN+FIN)       floor X=5000     pre   973     25      160.465      157.925        -2.540     -2471.51     -2991.862      0.512             -45969.06            0.405       0.395
Liquidity only (BN+FIN)       floor X=5000 holdout   246      6      350.765      281.085       -69.680    -17141.25     -1508.946      0.965             -14221.43            0.423       0.419
Liquidity only (BN+FIN)       floor X=8000     pre   973     12      160.465      189.638        29.172     28384.74     -1606.981      0.005              -3016.43            0.405       0.401
Liquidity only (BN+FIN)       floor X=8000 holdout   246      3      350.765      300.363       -50.402    -12398.84       -73.263      0.990             -11635.91            0.423       0.423

== Liquidity BN+MIDCP (h24/h36 table), realised-only rules
              rule  period  trade_days  changed_days  base_total  rule_total  delta_total
    entries X=3000     pre         583            20     78142.0     64671.0     -13471.0
    entries X=3000 holdout         191             8     49008.0     44434.0      -4574.0
    entries X=5000     pre         583             8     78142.0     61385.0     -16756.0
    entries X=5000 holdout         191             3     49008.0     50812.0       1804.0
    entries X=8000     pre         583             4     78142.0     65195.0     -12947.0
    entries X=8000 holdout         191             2     49008.0     51194.0       2185.0
trail X=3000 y=0.2     pre         583             1     78142.0     78074.0        -68.0
trail X=3000 y=0.2 holdout         191             1     49008.0     50249.0       1240.0
trail X=3000 y=0.3     pre         583             1     78142.0     78074.0        -68.0
trail X=3000 y=0.3 holdout         191             1     49008.0     50249.0       1240.0
trail X=3000 y=0.5     pre         583             1     78142.0     78074.0        -68.0
trail X=3000 y=0.5 holdout         191             0     49008.0     49008.0          0.0
trail X=5000 y=0.2     pre         583             0     78142.0     78142.0          0.0
trail X=5000 y=0.2 holdout         191             1     49008.0     50249.0       1240.0
trail X=5000 y=0.3     pre         583             0     78142.0     78142.0          0.0
trail X=5000 y=0.3 holdout         191             1     49008.0     50249.0       1240.0
trail X=5000 y=0.5     pre         583             0     78142.0     78142.0          0.0
trail X=5000 y=0.5 holdout         191             0     49008.0     49008.0          0.0
trail X=8000 y=0.2     pre         583             0     78142.0     78142.0          0.0
trail X=8000 y=0.2 holdout         191             0     49008.0     49008.0          0.0
trail X=8000 y=0.3     pre         583             0     78142.0     78142.0          0.0
trail X=8000 y=0.3 holdout         191             0     49008.0     49008.0          0.0
trail X=8000 y=0.5     pre         583             0     78142.0     78142.0          0.0
trail X=8000 y=0.5 holdout         191             0     49008.0     49008.0          0.0
